
contract_cover.1\
	 - Status: FAILURE\
	 - Description: "The contract's postcondition is reachable."

unwind.0\
	 - Status: FAILURE\
	 - Description: "unwinding assertion loop 0"

VERIFICATION:- FAILED

assertion.1\
	 - Status: FAILURE\
	 - Description: "panic"

contract_cover.1\
	 - Status: SUCCESS\
	 - Description: "The contract's precondition is satisfiable."

contract_cover.2\
	 - Status: FAILURE\
	 - Description: "The contract's postcondition is reachable."

VERIFICATION:- FAILED
